---
source: tests/cli.rs
assertion_line: 45
expression: "format!(\"STDOUT\\n{out}STDERR\\n{err}\")"
input_file: tests/inputs/err_annotation_in_nested_import.py
---
STDOUT
STDERR
error[missing-parameter-annotation]: Parameter `x` is missing a type annotation
  --> test_package/subpackage/nested/deep_module.py:21:25
   |
21 | def missing_annotations(x, y):
   |                         ^
22 |     """This function has missing parameter and return annotations."""
23 |     return x + y
   |

error[missing-parameter-annotation]: Parameter `y` is missing a type annotation
  --> test_package/subpackage/nested/deep_module.py:21:28
   |
21 | def missing_annotations(x, y):
   |                            ^
22 |     """This function has missing parameter and return annotations."""
23 |     return x + y
   |

error[missing-return-annotation]: Function `missing_annotations` is missing a return type annotation
  --> test_package/subpackage/nested/deep_module.py:21:5
   |
21 | def missing_annotations(x, y):
   |     ^^^^^^^^^^^^^^^^^^^
22 |     """This function has missing parameter and return annotations."""
23 |     return x + y
   |

Found 3 errors.
