---
source: cli/tests/cli.rs
expression: "format!(\"{out}\")"
input_file: cli/tests/images/crop_align4.py
---
<svg width="80" height="80" xmlns="http://www.w3.org/2000/svg">
  <g>
    <g>
      <defs><clipPath id="clip0" ><rect x="0" y="0" width="40" height="40" transform="rotate(0 20 20)" /></clipPath></defs>
      <g clip-path="url(#clip0)" >
        <path d="M 40 0 A 40 40 0 0 1 -40 0 A 40 40 0 0 1 40 0 Z" fill="rgba(219, 112, 147, 1.0)" />
      </g>
      <defs><clipPath id="clip1" ><rect x="40" y="0" width="40" height="40" transform="rotate(0 60 20)" /></clipPath></defs>
      <g clip-path="url(#clip1)" >
        <path d="M 120 0 A 40 40 0 0 1 40 0 A 40 40 0 0 1 120 0 Z" fill="rgba(240, 128, 128, 1.0)" />
      </g>
    </g>
    <g>
      <defs><clipPath id="clip2" ><rect x="0" y="40" width="40" height="40" transform="rotate(0 20 60)" /></clipPath></defs>
      <g clip-path="url(#clip2)" >
        <path d="M 40 80 A 40 40 0 0 1 -40 80 A 40 40 0 0 1 40 80 Z" fill="rgba(240, 128, 128, 1.0)" />
      </g>
      <defs><clipPath id="clip3" ><rect x="40" y="40" width="40" height="40" transform="rotate(0 60 60)" /></clipPath></defs>
      <g clip-path="url(#clip3)" >
        <path d="M 120 80 A 40 40 0 0 1 40 80 A 40 40 0 0 1 120 80 Z" fill="rgba(219, 112, 147, 1.0)" />
      </g>
    </g>
  </g>
</svg>
