---
source: cli/tests/cli.rs
expression: "format!(\"{out}\")"
input_file: cli/tests/images/text7.py
---
<svg width="96" height="16" xmlns="http://www.w3.org/2000/svg">
  <text dominant-baseline="alphabetic" text-anchor="start" x="0" y="0" font-family="monospace" font-size="16" font-style="normal" font-weight="lighter" transform="translate(48,8) rotate(0 0 0) scale(1,1)" fill="rgba(169, 169, 169, 1.0)" >Light mono</text>
</svg>
