---
source: cli/tests/cli.rs
expression: "format!(\"{out}\")"
input_file: cli/tests/images/text_empty.py
---
<svg width="9" height="18" xmlns="http://www.w3.org/2000/svg">
  <g>
    <g>
      <path d=" Z" />
      <text dominant-baseline="alphabetic" text-anchor="start" x="-4.449219" y="5.546875" font-family="sans-serif" font-size="16" font-style="normal" font-weight="normal" transform="translate(4.449219,8.9375) rotate(0 0 0) scale(1,1)" fill="rgba(255, 0, 0, 1.0)" >a</text>
    </g>
    <path d=" Z" />
  </g>
</svg>
