---
source: cli/tests/cli.rs
expression: "format!(\"{out}\")"
input_file: cli/tests/images/overlay_offset3.py
---
<svg width="86" height="86" xmlns="http://www.w3.org/2000/svg">
  <g>
    <path d="M 73 56 A 30 30 0 0 1 13 56 A 30 30 0 0 1 73 56 Z" fill="rgba(200, 0, 0, 0.5)" />
    <g>
      <path d="M 86 30 A 30 30 0 0 1 26 30 A 30 30 0 0 1 86 30 Z" fill="rgba(0, 0, 255, 0.5)" />
      <path d="M 60 30 A 30 30 0 0 1 0 30 A 30 30 0 0 1 60 30 Z" fill="rgba(0, 150, 0, 0.5)" />
    </g>
  </g>
</svg>
