---
source: cli/tests/cli.rs
expression: "format!(\"{out}\")"
input_file: cli/tests/images/line2.py
---
<svg width="30" height="20" xmlns="http://www.w3.org/2000/svg">
  <path d="M 30.5 0.5 L 0.5 20.5" fill="none" stroke="rgba(255, 0, 0, 1.0)" stroke-linecap="round" stroke-linejoin="miter" stroke-miterlimit="10" />
</svg>
