---
source: cli/tests/cli.rs
expression: "format!(\"{out}\")"
input_file: cli/tests/images/star_polygon2.py
---
<svg width="90" height="88" xmlns="http://www.w3.org/2000/svg">
  <path d="M 44.5 0.5 L 64.5 87.5 L 8.5 17.5 L 89.5 56.5 L 0.5 56.5 L 80.5 17.5 L 24.5 87.5 Z" fill="none" stroke="rgba(139, 0, 0, 1.0)" stroke-linecap="round" stroke-linejoin="miter" stroke-miterlimit="10" />
</svg>
