---
source: cli/tests/cli.rs
expression: "format!(\"{out}\")"
input_file: cli/tests/images/above_align1.py
---
<svg width="70" height="80" xmlns="http://www.w3.org/2000/svg">
  <g>
    <g>
      <g>
        <path d="M 70 10 A 35 10 0 0 1 0 10 A 35 10 0 0 1 70 10 Z" fill="rgba(154, 205, 50, 1.0)" />
        <path d="M 70 30 A 25 10 0 0 1 20 30 A 25 10 0 0 1 70 30 Z" fill="rgba(107, 142, 35, 1.0)" />
      </g>
      <path d="M 70 50 A 15 10 0 0 1 40 50 A 15 10 0 0 1 70 50 Z" fill="rgba(85, 107, 47, 1.0)" />
    </g>
    <path d="M 70 70 A 5 10 0 0 1 60 70 A 5 10 0 0 1 70 70 Z" fill="rgba(0, 100, 0, 1.0)" />
  </g>
</svg>
