---
source: cli/tests/cli.rs
expression: "format!(\"{out}\")"
input_file: cli/tests/images/above_align2.py
---
<svg width="70" height="80" xmlns="http://www.w3.org/2000/svg">
  <g>
    <g>
      <g>
        <path d="M 70 10 A 35 10 0 0 1 0 10 A 35 10 0 0 1 70 10 Z" fill="rgba(255, 215, 0, 1.0)" />
        <path d="M 50 30 A 25 10 0 0 1 0 30 A 25 10 0 0 1 50 30 Z" fill="rgba(218, 165, 32, 1.0)" />
      </g>
      <path d="M 30 50 A 15 10 0 0 1 0 50 A 15 10 0 0 1 30 50 Z" fill="rgba(184, 134, 11, 1.0)" />
    </g>
    <path d="M 10 70 A 5 10 0 0 1 0 70 A 5 10 0 0 1 10 70 Z" fill="rgba(160, 82, 45, 1.0)" />
  </g>
</svg>
