---
source: cli/tests/cli.rs
expression: "format!(\"{out}\")"
input_file: cli/tests/images/regular_polygon1.py
---
<svg width="50" height="44" xmlns="http://www.w3.org/2000/svg">
  <path d="M 25.5 0.5 L 50.5 43.5 L 0.5 43.5 Z" fill="none" stroke="rgba(255, 0, 0, 1.0)" stroke-linecap="round" stroke-linejoin="miter" stroke-miterlimit="10" />
</svg>
