---
source: cli/tests/cli.rs
expression: "format!(\"{out}\")"
input_file: cli/tests/images/above1.py
---
<svg width="70" height="80" xmlns="http://www.w3.org/2000/svg">
  <g>
    <g>
      <g>
        <path d="M 70 10 A 35 10 0 0 1 0 10 A 35 10 0 0 1 70 10 Z" fill="rgba(211, 211, 211, 1.0)" />
        <path d="M 60 30 A 25 10 0 0 1 10 30 A 25 10 0 0 1 60 30 Z" fill="rgba(169, 169, 169, 1.0)" />
      </g>
      <path d="M 50 50 A 15 10 0 0 1 20 50 A 15 10 0 0 1 50 50 Z" fill="rgba(105, 105, 105, 1.0)" />
    </g>
    <path d="M 40 70 A 5 10 0 0 1 30 70 A 5 10 0 0 1 40 70 Z" fill="rgba(0, 0, 0, 1.0)" />
  </g>
</svg>
