---
source: cli/tests/cli.rs
expression: "format!(\"{out}\")"
input_file: cli/tests/images/place_polygon2.py
---
<svg width="180" height="180" xmlns="http://www.w3.org/2000/svg">
  <defs><clipPath id="clip0" ><rect x="0" y="0" width="180" height="180" transform="rotate(0 90 90)" /></clipPath></defs>
  <g clip-path="url(#clip0)" >
    <g>
      <path d="M 0 0 L 180 0 L 180 180 L 0 180 Z" fill="rgba(255, 255, 0, 1.0)" />
      <path d="M 109.5 160.5 L 26.5 148.5 L 46.5 36.5 L 93.5 44.5 L 89.5 68.5 L 122.5 72.5 Z" fill="none" stroke="rgba(0, 0, 139, 1.0)" stroke-linecap="round" stroke-linejoin="miter" stroke-miterlimit="10" />
    </g>
  </g>
</svg>
