---
source: cli/tests/cli.rs
expression: "format!(\"{out}\")"
input_file: cli/tests/images/rotate2.py
---
<svg width="55.0" height="55.0" xmlns="http://www.w3.org/2000/svg">
  <path d="M 0.5 4.5 L 49.5 0.5 L 54.5 49.5 L 4.5 54.5 Z" fill="none" stroke="rgba(0, 0, 0, 1.0)" stroke-linecap="round" stroke-linejoin="miter" stroke-miterlimit="10.0" />
</svg>
