---
source: cli/tests/cli.rs
expression: "format!(\"{out}\")"
input_file: cli/tests/images/place_polygon1.py
---
<svg width="65" height="65" xmlns="http://www.w3.org/2000/svg">
  <defs><clipPath id="clip0" ><rect x="0" y="0" width="65" height="65" transform="rotate(0 32.5 32.5)" /></clipPath></defs>
  <g clip-path="url(#clip0)" >
    <g>
      <path d="M 0 0 L 65 0 L 65 65 L 0 65 Z" fill="rgba(173, 216, 230, 1.0)" />
      <path d="M 30 -20 L 50 50 L -20 30 Z" fill="rgba(34, 139, 34, 1.0)" />
    </g>
  </g>
</svg>
