---
source: cli/tests/cli.rs
expression: "format!(\"{out}\")"
input_file: cli/tests/images/add_polygon1.py
---
<svg width="85" height="85" xmlns="http://www.w3.org/2000/svg">
  <g>
    <path d="M 20 20 L 85 20 L 85 85 L 20 85 Z" fill="rgba(173, 216, 230, 1.0)" />
    <path d="M 50 0 L 70 70 L 0 50 Z" fill="rgba(34, 139, 34, 1.0)" />
  </g>
</svg>
