---
source: cli/tests/cli.rs
expression: "format!(\"{out}\")"
input_file: cli/tests/images/text4.py
---
<svg width="108" height="18" xmlns="http://www.w3.org/2000/svg">
  <text dominant-baseline="alphabetic" text-anchor="start" x="0" y="0" font-family="sans-serif" font-size="18" font-style="normal" font-weight="normal" text-decoration="underline" transform="translate(54,9) rotate(0 0 0) scale(1,1)" fill="rgba(0, 128, 0, 1.0)" >Underlined</text>
</svg>
