---
source: cli/tests/cli.rs
expression: "format!(\"{out}\")"
input_file: cli/tests/images/add_polygon3.py
---
<svg width="70" height="70" xmlns="http://www.w3.org/2000/svg">
  <g>
    <path d="M 10 10 L 60 10 L 60 60 L 10 60 Z" fill="rgba(173, 216, 230, 1.0)" />
    <path d="M 35 0 L 70 35 L 35 70 L 0 35 Z" fill="rgba(255, 192, 203, 1.0)" />
  </g>
</svg>
