---
source: cli/tests/cli.rs
expression: "format!(\"{out}\")"
input_file: cli/tests/images/triangle_ssa1.py
---
<svg width="97.0" height="25.0" xmlns="http://www.w3.org/2000/svg">
  <path d="M 0.0 0.0 L 42.21737751037484 0.0 L 96.90685976222372 24.67915174848409 Z" fill="rgba(46, 139, 87, 1.0)" />
</svg>
