---
source: cli/tests/cli.rs
expression: "format!(\"{out}\")"
input_file: cli/tests/images/place_images_align1.py
---
<svg width="64.0" height="64.0" xmlns="http://www.w3.org/2000/svg">
  <defs><clipPath id="clip0" ><rect x="0.0" y="0.0" width="64.0" height="64.0" transform="rotate(0.0 32.0 32.0)" /></clipPath></defs>
  <g clip-path="url(#clip0)" >
    <g>
      <defs><clipPath id="clip1" ><rect x="0.0" y="0.0" width="64.0" height="64.0" transform="rotate(0.0 32.0 32.0)" /></clipPath></defs>
      <g clip-path="url(#clip1)" >
        <g>
          <defs><clipPath id="clip2" ><rect x="0.0" y="0.0" width="64.0" height="64.0" transform="rotate(0.0 32.0 32.0)" /></clipPath></defs>
          <g clip-path="url(#clip2)" >
            <g>
              <path d="M 0.0 0.0 L 64.0 0.0 L 64.0 64.0 L 0.0 64.0 Z" fill="rgba(218, 165, 32, 1.0)" />
              <path d="M 40.0 22.430780618346944 L 64.0 64.0 L 16.0 64.0 Z" fill="rgba(154, 205, 50, 1.0)" />
            </g>
          </g>
          <path d="M 40.0 6.430780618346944 L 64.0 48.0 L 16.0 48.0 Z" fill="rgba(154, 205, 50, 1.0)" />
        </g>
      </g>
      <path d="M 40.0 -9.569219381653056 L 64.0 32.0 L 16.0 32.0 Z" fill="rgba(154, 205, 50, 1.0)" />
    </g>
  </g>
</svg>
