---
source: cli/tests/cli.rs
expression: "format!(\"{out}\")"
input_file: cli/tests/images/beside_align2.py
---
<svg width="80" height="70" xmlns="http://www.w3.org/2000/svg">
  <g>
    <g>
      <g>
        <path d="M 20 35 A 10 35 0 0 1 0 35 A 10 35 0 0 1 20 35 Z" fill="rgba(186, 85, 211, 1.0)" />
        <path d="M 40 25 A 10 25 0 0 1 20 25 A 10 25 0 0 1 40 25 Z" fill="rgba(153, 50, 204, 1.0)" />
      </g>
      <path d="M 60 15 A 10 15 0 0 1 40 15 A 10 15 0 0 1 60 15 Z" fill="rgba(128, 0, 128, 1.0)" />
    </g>
    <path d="M 80 5 A 10 5 0 0 1 60 5 A 10 5 0 0 1 80 5 Z" fill="rgba(75, 0, 130, 1.0)" />
  </g>
</svg>
