---
source: cli/tests/cli.rs
expression: "format!(\"{out}\")"
input_file: cli/tests/images/place_image_align1.py
---
<svg width="64.0" height="64.0" xmlns="http://www.w3.org/2000/svg">
  <defs><clipPath id="clip0" ><rect x="0.0" y="0.0" width="64.0" height="64.0" transform="rotate(0.0 32.0 32.0)" /></clipPath></defs>
  <g clip-path="url(#clip0)" >
    <g>
      <path d="M 0.0 0.0 L 64.0 0.0 L 64.0 64.0 L 0.0 64.0 Z" fill="rgba(238, 232, 170, 1.0)" />
      <path d="M 40.0 22.430780618346944 L 64.0 64.0 L 16.0 64.0 Z" fill="rgba(154, 205, 50, 1.0)" />
    </g>
  </g>
</svg>
