---
source: cli/tests/cli.rs
expression: "format!(\"{out}\")"
input_file: cli/tests/images/overlay_offset2.py
---
<svg width="140" height="40" xmlns="http://www.w3.org/2000/svg">
  <g>
    <path d="M 140 20 A 20 20 0 0 1 100 20 A 20 20 0 0 1 140 20 Z" fill="rgba(255, 140, 0, 1.0)" />
    <g>
      <path d="M 40 20 A 20 20 0 0 1 0 20 A 20 20 0 0 1 40 20 Z" fill="rgba(255, 140, 0, 1.0)" />
      <path d="M 40 10 L 100 10 L 100 30 L 40 30 Z" fill="rgba(0, 0, 0, 1.0)" />
    </g>
  </g>
</svg>
