---
source: cli/tests/cli.rs
expression: "format!(\"{out}\")"
input_file: cli/tests/images/put_image1.py
---
<svg width="50" height="50" xmlns="http://www.w3.org/2000/svg">
  <defs><clipPath id="clip0" ><rect x="0" y="0" width="50" height="50" transform="rotate(0 25 25)" /></clipPath></defs>
  <g clip-path="url(#clip0)" >
    <g>
      <path d="M 0 0 L 50 0 L 50 50 L 0 50 Z" fill="rgba(211, 211, 211, 1.0)" />
      <path d="M 50 35 A 10 15 0 0 1 30 35 A 10 15 0 0 1 50 35 Z" fill="rgba(255, 0, 0, 1.0)" />
    </g>
  </g>
</svg>
